2026-08-01 15:17:24 - INFO - Aggregating batch 2026-07-04-reviewer-runs: 85 run(s) discovered, -j=8, output -> results/aggregated/2026-07-04-reviewer-runs
2026-08-01 15:17:24 - INFO - Host-immunity variance enabled (out.histories.raw.csv, n_hosts=1000, seed=42). Each run reads a large raw histories file; keep --jobs low.
2026-08-01 15:17:24 - WARNING - Skipping variant counts for missing/empty column: variant_phylo
2026-08-01 15:17:24 - WARNING - Skipping NID for variant_ag vs variant_phylo: no rows with both labels present
2026-08-01 15:17:24 - WARNING - Skipping NID for variant_tsne vs variant_phylo: no rows with both labels present
2026-08-01 15:17:24 - WARNING - Skipping variant counts for missing/empty column: variant_phylo
2026-08-01 15:17:24 - WARNING - Skipping NID for variant_ag vs variant_phylo: no rows with both labels present
2026-08-01 15:17:24 - WARNING - Skipping NID for variant_tsne vs variant_phylo: no rows with both labels present
2026-08-01 15:17:26 - INFO - Read 2093623 raw history rows from /fh/fast/matsen_e/zthornto/antigen-experiments/experiments/2026-07-04-reviewer-runs/simulations/nonEpitopeAcceptance_0.25_epitopeAcceptance_0.75/run_1/out.histories.raw.csv (30 timepoints).
2026-08-01 15:17:26 - INFO - Selected 30 of 30 timepoints at delta_t=1.0 (native spacing 1.0).
2026-08-01 15:17:27 - INFO - Read 1737475 raw history rows from /fh/fast/matsen_e/zthornto/antigen-experiments/experiments/2026-07-04-reviewer-runs/simulations/nonEpitopeAcceptance_0.25_epitopeAcceptance_0.75/run_10/out.histories.raw.csv (30 timepoints).
2026-08-01 15:17:27 - INFO - Selected 30 of 30 timepoints at delta_t=1.0 (native spacing 1.0).
2026-08-01 15:17:27 - INFO - Read 2080526 raw history rows from /fh/fast/matsen_e/zthornto/antigen-experiments/experiments/2026-07-04-reviewer-runs/simulations/nonEpitopeAcceptance_0.25_epitopeAcceptance_0.75/run_15/out.histories.raw.csv (30 timepoints).
2026-08-01 15:17:27 - INFO - Selected 30 of 30 timepoints at delta_t=1.0 (native spacing 1.0).
2026-08-01 15:17:27 - INFO - Read 2211652 raw history rows from /fh/fast/matsen_e/zthornto/antigen-experiments/experiments/2026-07-04-reviewer-runs/simulations/nonEpitopeAcceptance_0.25_epitopeAcceptance_0.75/run_0/out.histories.raw.csv (30 timepoints).
2026-08-01 15:17:27 - INFO - Selected 30 of 30 timepoints at delta_t=1.0 (native spacing 1.0).
2026-08-01 15:17:27 - INFO - Read 2382577 raw history rows from /fh/fast/matsen_e/zthornto/antigen-experiments/experiments/2026-07-04-reviewer-runs/simulations/nonEpitopeAcceptance_0.25_epitopeAcceptance_0.75/run_14/out.histories.raw.csv (30 timepoints).
2026-08-01 15:17:27 - INFO - Read 2298479 raw history rows from /fh/fast/matsen_e/zthornto/antigen-experiments/experiments/2026-07-04-reviewer-runs/simulations/nonEpitopeAcceptance_0.25_epitopeAcceptance_0.75/run_16/out.histories.raw.csv (30 timepoints).
2026-08-01 15:17:27 - INFO - Selected 30 of 30 timepoints at delta_t=1.0 (native spacing 1.0).
2026-08-01 15:17:27 - INFO - Selected 30 of 30 timepoints at delta_t=1.0 (native spacing 1.0).
2026-08-01 15:17:27 - INFO - Read 2093888 raw history rows from /fh/fast/matsen_e/zthornto/antigen-experiments/experiments/2026-07-04-reviewer-runs/simulations/nonEpitopeAcceptance_0.25_epitopeAcceptance_0.75/run_11/out.histories.raw.csv (30 timepoints).
2026-08-01 15:17:27 - INFO - Selected 30 of 30 timepoints at delta_t=1.0 (native spacing 1.0).
2026-08-01 15:17:28 - INFO - Read 3201253 raw history rows from /fh/fast/matsen_e/zthornto/antigen-experiments/experiments/2026-07-04-reviewer-runs/simulations/nonEpitopeAcceptance_0.25_epitopeAcceptance_0.75/run_12/out.histories.raw.csv (30 timepoints).
2026-08-01 15:17:28 - INFO - Selected 30 of 30 timepoints at delta_t=1.0 (native spacing 1.0).
2026-08-01 15:17:28 - INFO - [1/85] nonEpitopeAcceptance_0.25_epitopeAcceptance_0.75__run_0 -> ok [counts,nid,variance,gr_scores,scores] (host_immunity_variance skipped: no raw histories)
2026-08-01 15:17:29 - INFO - [2/85] nonEpitopeAcceptance_0.25_epitopeAcceptance_0.75__run_12 -> ok [counts,nid,variance,gr_scores,scores] (host_immunity_variance skipped: no raw histories)
2026-08-01 15:17:31 - INFO - Read 2187351 raw history rows from /fh/fast/matsen_e/zthornto/antigen-experiments/experiments/2026-07-04-reviewer-runs/simulations/nonEpitopeAcceptance_0.25_epitopeAcceptance_0.75/run_17/out.histories.raw.csv (30 timepoints).
2026-08-01 15:17:31 - INFO - Selected 30 of 30 timepoints at delta_t=1.0 (native spacing 1.0).
2026-08-01 15:17:32 - INFO - Read 2281740 raw history rows from /fh/fast/matsen_e/zthornto/antigen-experiments/experiments/2026-07-04-reviewer-runs/simulations/nonEpitopeAcceptance_0.25_epitopeAcceptance_0.75/run_18/out.histories.raw.csv (30 timepoints).
2026-08-01 15:17:32 - INFO - Selected 30 of 30 timepoints at delta_t=1.0 (native spacing 1.0).
2026-08-01 15:17:32 - INFO - [3/85] nonEpitopeAcceptance_0.25_epitopeAcceptance_0.75__run_17 -> ok [counts,nid,variance,gr_scores,scores] (host_immunity_variance skipped: no raw histories)
2026-08-01 15:17:33 - WARNING - Skipping variant counts for missing/empty column: variant_phylo
2026-08-01 15:17:33 - WARNING - Skipping NID for variant_ag vs variant_phylo: no rows with both labels present
2026-08-01 15:17:33 - WARNING - Skipping NID for variant_tsne vs variant_phylo: no rows with both labels present
2026-08-01 15:17:35 - INFO - Read 1908848 raw history rows from /fh/fast/matsen_e/zthornto/antigen-experiments/experiments/2026-07-04-reviewer-runs/simulations/nonEpitopeAcceptance_0.25_epitopeAcceptance_0.75/run_19/out.histories.raw.csv (30 timepoints).
2026-08-01 15:17:35 - INFO - Selected 30 of 30 timepoints at delta_t=1.0 (native spacing 1.0).
2026-08-01 15:17:38 - INFO - [4/85] nonEpitopeAcceptance_0.25_epitopeAcceptance_0.75__run_10 -> ok [counts,nid,variance,host_variance,gr_scores,scores]
2026-08-01 15:17:39 - INFO - [5/85] nonEpitopeAcceptance_0.25_epitopeAcceptance_0.75__run_1 -> ok [counts,nid,variance,host_variance,gr_scores,scores]
2026-08-01 15:17:40 - INFO - [6/85] nonEpitopeAcceptance_0.25_epitopeAcceptance_0.75__run_15 -> ok [counts,nid,variance,host_variance,gr_scores,scores]
2026-08-01 15:17:40 - INFO - [7/85] nonEpitopeAcceptance_0.25_epitopeAcceptance_0.75__run_14 -> ok [counts,nid,variance,host_variance,gr_scores,scores]
2026-08-01 15:17:40 - WARNING - Skipping variant counts for missing/empty column: variant_phylo
2026-08-01 15:17:40 - WARNING - Skipping NID for variant_ag vs variant_phylo: no rows with both labels present
2026-08-01 15:17:40 - WARNING - Skipping NID for variant_tsne vs variant_phylo: no rows with both labels present
2026-08-01 15:17:40 - INFO - [8/85] nonEpitopeAcceptance_0.25_epitopeAcceptance_0.75__run_11 -> ok [counts,nid,variance,host_variance,gr_scores,scores]
2026-08-01 15:17:41 - INFO - Read 2011425 raw history rows from /fh/fast/matsen_e/zthornto/antigen-experiments/experiments/2026-07-04-reviewer-runs/simulations/nonEpitopeAcceptance_0.25_epitopeAcceptance_0.75/run_2/out.histories.raw.csv (30 timepoints).
2026-08-01 15:17:41 - INFO - Selected 30 of 30 timepoints at delta_t=1.0 (native spacing 1.0).
2026-08-01 15:17:41 - INFO - [9/85] nonEpitopeAcceptance_0.25_epitopeAcceptance_0.75__run_16 -> ok [counts,nid,variance,host_variance,gr_scores,scores]
2026-08-01 15:17:42 - INFO - Read 1843817 raw history rows from /fh/fast/matsen_e/zthornto/antigen-experiments/experiments/2026-07-04-reviewer-runs/simulations/nonEpitopeAcceptance_0.25_epitopeAcceptance_0.75/run_20/out.histories.raw.csv (30 timepoints).
2026-08-01 15:17:42 - INFO - Selected 30 of 30 timepoints at delta_t=1.0 (native spacing 1.0).
2026-08-01 15:17:42 - INFO - Read 2019832 raw history rows from /fh/fast/matsen_e/zthornto/antigen-experiments/experiments/2026-07-04-reviewer-runs/simulations/nonEpitopeAcceptance_0.25_epitopeAcceptance_0.75/run_22/out.histories.raw.csv (30 timepoints).
2026-08-01 15:17:42 - INFO - Selected 30 of 30 timepoints at delta_t=1.0 (native spacing 1.0).
2026-08-01 15:17:42 - INFO - Read 2392211 raw history rows from /fh/fast/matsen_e/zthornto/antigen-experiments/experiments/2026-07-04-reviewer-runs/simulations/nonEpitopeAcceptance_0.25_epitopeAcceptance_0.75/run_21/out.histories.raw.csv (30 timepoints).
2026-08-01 15:17:43 - INFO - Selected 30 of 30 timepoints at delta_t=1.0 (native spacing 1.0).
2026-08-01 15:17:44 - INFO - Read 2375774 raw history rows from /fh/fast/matsen_e/zthornto/antigen-experiments/experiments/2026-07-04-reviewer-runs/simulations/nonEpitopeAcceptance_0.25_epitopeAcceptance_0.75/run_23/out.histories.raw.csv (30 timepoints).
2026-08-01 15:17:44 - INFO - Selected 30 of 30 timepoints at delta_t=1.0 (native spacing 1.0).
2026-08-01 15:17:44 - INFO - Read 2069475 raw history rows from /fh/fast/matsen_e/zthornto/antigen-experiments/experiments/2026-07-04-reviewer-runs/simulations/nonEpitopeAcceptance_0.25_epitopeAcceptance_0.75/run_24/out.histories.raw.csv (30 timepoints).
2026-08-01 15:17:44 - INFO - Selected 30 of 30 timepoints at delta_t=1.0 (native spacing 1.0).
2026-08-01 15:17:45 - INFO - [10/85] nonEpitopeAcceptance_0.25_epitopeAcceptance_0.75__run_18 -> ok [counts,nid,variance,host_variance,gr_scores,scores]
2026-08-01 15:17:47 - INFO - [11/85] nonEpitopeAcceptance_0.25_epitopeAcceptance_0.75__run_19 -> ok [counts,nid,variance,host_variance,gr_scores,scores]
2026-08-01 15:17:47 - INFO - Read 2305609 raw history rows from /fh/fast/matsen_e/zthornto/antigen-experiments/experiments/2026-07-04-reviewer-runs/simulations/nonEpitopeAcceptance_0.25_epitopeAcceptance_0.75/run_25/out.histories.raw.csv (30 timepoints).
2026-08-01 15:17:47 - INFO - Selected 30 of 30 timepoints at delta_t=1.0 (native spacing 1.0).
2026-08-01 15:17:50 - INFO - Read 1900921 raw history rows from /fh/fast/matsen_e/zthornto/antigen-experiments/experiments/2026-07-04-reviewer-runs/simulations/nonEpitopeAcceptance_0.25_epitopeAcceptance_0.75/run_26/out.histories.raw.csv (30 timepoints).
2026-08-01 15:17:50 - INFO - Selected 30 of 30 timepoints at delta_t=1.0 (native spacing 1.0).
2026-08-01 15:17:53 - INFO - [12/85] nonEpitopeAcceptance_0.25_epitopeAcceptance_0.75__run_2 -> ok [counts,nid,variance,host_variance,gr_scores,scores]
2026-08-01 15:17:53 - INFO - [13/85] nonEpitopeAcceptance_0.25_epitopeAcceptance_0.75__run_20 -> ok [counts,nid,variance,host_variance,gr_scores,scores]
2026-08-01 15:17:54 - WARNING - Skipping variant counts for missing/empty column: variant_phylo
2026-08-01 15:17:54 - WARNING - Skipping NID for variant_ag vs variant_phylo: no rows with both labels present
2026-08-01 15:17:54 - WARNING - Skipping NID for variant_tsne vs variant_phylo: no rows with both labels present
2026-08-01 15:17:54 - INFO - [14/85] nonEpitopeAcceptance_0.25_epitopeAcceptance_0.75__run_22 -> ok [counts,nid,variance,host_variance,gr_scores,scores]
2026-08-01 15:17:55 - INFO - Read 2096814 raw history rows from /fh/fast/matsen_e/zthornto/antigen-experiments/experiments/2026-07-04-reviewer-runs/simulations/nonEpitopeAcceptance_0.25_epitopeAcceptance_0.75/run_27/out.histories.raw.csv (30 timepoints).
2026-08-01 15:17:55 - INFO - Selected 30 of 30 timepoints at delta_t=1.0 (native spacing 1.0).
2026-08-01 15:17:56 - INFO - Read 2198161 raw history rows from /fh/fast/matsen_e/zthornto/antigen-experiments/experiments/2026-07-04-reviewer-runs/simulations/nonEpitopeAcceptance_0.25_epitopeAcceptance_0.75/run_28/out.histories.raw.csv (30 timepoints).
2026-08-01 15:17:56 - INFO - [15/85] nonEpitopeAcceptance_0.25_epitopeAcceptance_0.75__run_21 -> ok [counts,nid,variance,host_variance,gr_scores,scores]
2026-08-01 15:17:56 - INFO - Selected 30 of 30 timepoints at delta_t=1.0 (native spacing 1.0).
2026-08-01 15:17:56 - INFO - [16/85] nonEpitopeAcceptance_0.25_epitopeAcceptance_0.75__run_24 -> ok [counts,nid,variance,host_variance,gr_scores,scores]
2026-08-01 15:17:56 - INFO - [17/85] nonEpitopeAcceptance_0.25_epitopeAcceptance_0.75__run_23 -> ok [counts,nid,variance,host_variance,gr_scores,scores]
2026-08-01 15:17:57 - INFO - Read 2198900 raw history rows from /fh/fast/matsen_e/zthornto/antigen-experiments/experiments/2026-07-04-reviewer-runs/simulations/nonEpitopeAcceptance_0.25_epitopeAcceptance_0.75/run_29/out.histories.raw.csv (30 timepoints).
2026-08-01 15:17:57 - INFO - Selected 30 of 30 timepoints at delta_t=1.0 (native spacing 1.0).
2026-08-01 15:17:59 - INFO - Read 1893032 raw history rows from /fh/fast/matsen_e/zthornto/antigen-experiments/experiments/2026-07-04-reviewer-runs/simulations/nonEpitopeAcceptance_0.25_epitopeAcceptance_0.75/run_6/out.histories.raw.csv (30 timepoints).
2026-08-01 15:17:59 - INFO - Selected 30 of 30 timepoints at delta_t=1.0 (native spacing 1.0).
2026-08-01 15:17:59 - INFO - Read 1857395 raw history rows from /fh/fast/matsen_e/zthornto/antigen-experiments/experiments/2026-07-04-reviewer-runs/simulations/nonEpitopeAcceptance_0.25_epitopeAcceptance_0.75/run_3/out.histories.raw.csv (30 timepoints).
2026-08-01 15:17:59 - INFO - Selected 30 of 30 timepoints at delta_t=1.0 (native spacing 1.0).
2026-08-01 15:17:59 - INFO - Read 2172190 raw history rows from /fh/fast/matsen_e/zthornto/antigen-experiments/experiments/2026-07-04-reviewer-runs/simulations/nonEpitopeAcceptance_0.25_epitopeAcceptance_0.75/run_4/out.histories.raw.csv (30 timepoints).
2026-08-01 15:17:59 - INFO - Selected 30 of 30 timepoints at delta_t=1.0 (native spacing 1.0).
2026-08-01 15:18:00 - INFO - [18/85] nonEpitopeAcceptance_0.25_epitopeAcceptance_0.75__run_6 -> ok [counts,nid,variance,gr_scores,scores] (host_immunity_variance skipped: no raw histories)
2026-08-01 15:18:00 - INFO - [19/85] nonEpitopeAcceptance_0.25_epitopeAcceptance_0.75__run_25 -> ok [counts,nid,variance,host_variance,gr_scores,scores]
2026-08-01 15:18:02 - INFO - [20/85] nonEpitopeAcceptance_0.25_epitopeAcceptance_0.75__run_26 -> ok [counts,nid,variance,host_variance,gr_scores,scores]
2026-08-01 15:18:03 - INFO - Read 2151391 raw history rows from /fh/fast/matsen_e/zthornto/antigen-experiments/experiments/2026-07-04-reviewer-runs/simulations/nonEpitopeAcceptance_0.25_epitopeAcceptance_0.75/run_7/out.histories.raw.csv (30 timepoints).
2026-08-01 15:18:03 - INFO - Selected 30 of 30 timepoints at delta_t=1.0 (native spacing 1.0).
2026-08-01 15:18:03 - INFO - Read 2147051 raw history rows from /fh/fast/matsen_e/zthornto/antigen-experiments/experiments/2026-07-04-reviewer-runs/simulations/nonEpitopeAcceptance_0.25_epitopeAcceptance_0.75/run_9/out.histories.raw.csv (30 timepoints).
2026-08-01 15:18:03 - INFO - Selected 30 of 30 timepoints at delta_t=1.0 (native spacing 1.0).
2026-08-01 15:18:04 - INFO - Read 1881593 raw history rows from /fh/fast/matsen_e/zthornto/antigen-experiments/experiments/2026-07-04-reviewer-runs/simulations/nonEpitopeAcceptance_0.25_epitopeAcceptance_1.0/run_1/out.histories.raw.csv (30 timepoints).
2026-08-01 15:18:04 - INFO - Selected 30 of 30 timepoints at delta_t=1.0 (native spacing 1.0).
2026-08-01 15:18:08 - INFO - [21/85] nonEpitopeAcceptance_0.25_epitopeAcceptance_0.75__run_27 -> ok [counts,nid,variance,host_variance,gr_scores,scores]
2026-08-01 15:18:08 - INFO - [22/85] nonEpitopeAcceptance_0.25_epitopeAcceptance_0.75__run_29 -> ok [counts,nid,variance,host_variance,gr_scores,scores]
2026-08-01 15:18:09 - INFO - [23/85] nonEpitopeAcceptance_0.25_epitopeAcceptance_0.75__run_28 -> ok [counts,nid,variance,host_variance,gr_scores,scores]
2026-08-01 15:18:10 - INFO - [24/85] nonEpitopeAcceptance_0.25_epitopeAcceptance_0.75__run_3 -> ok [counts,nid,variance,host_variance,gr_scores,scores]
2026-08-01 15:18:11 - INFO - Read 2236854 raw history rows from /fh/fast/matsen_e/zthornto/antigen-experiments/experiments/2026-07-04-reviewer-runs/simulations/nonEpitopeAcceptance_0.25_epitopeAcceptance_1.0/run_10/out.histories.raw.csv (30 timepoints).
2026-08-01 15:18:11 - INFO - Selected 30 of 30 timepoints at delta_t=1.0 (native spacing 1.0).
2026-08-01 15:18:11 - INFO - Read 2207371 raw history rows from /fh/fast/matsen_e/zthornto/antigen-experiments/experiments/2026-07-04-reviewer-runs/simulations/nonEpitopeAcceptance_0.25_epitopeAcceptance_1.0/run_12/out.histories.raw.csv (30 timepoints).
2026-08-01 15:18:11 - INFO - Selected 30 of 30 timepoints at delta_t=1.0 (native spacing 1.0).
2026-08-01 15:18:11 - INFO - Read 2238795 raw history rows from /fh/fast/matsen_e/zthornto/antigen-experiments/experiments/2026-07-04-reviewer-runs/simulations/nonEpitopeAcceptance_0.25_epitopeAcceptance_1.0/run_13/out.histories.raw.csv (30 timepoints).
2026-08-01 15:18:11 - INFO - Selected 30 of 30 timepoints at delta_t=1.0 (native spacing 1.0).
2026-08-01 15:18:12 - INFO - [25/85] nonEpitopeAcceptance_0.25_epitopeAcceptance_0.75__run_4 -> ok [counts,nid,variance,host_variance,gr_scores,scores]
2026-08-01 15:18:14 - INFO - Read 2435670 raw history rows from /fh/fast/matsen_e/zthornto/antigen-experiments/experiments/2026-07-04-reviewer-runs/simulations/nonEpitopeAcceptance_0.25_epitopeAcceptance_1.0/run_15/out.histories.raw.csv (30 timepoints).
2026-08-01 15:18:14 - INFO - Selected 30 of 30 timepoints at delta_t=1.0 (native spacing 1.0).
2026-08-01 15:18:15 - INFO - Read 2358004 raw history rows from /fh/fast/matsen_e/zthornto/antigen-experiments/experiments/2026-07-04-reviewer-runs/simulations/nonEpitopeAcceptance_0.25_epitopeAcceptance_1.0/run_16/out.histories.raw.csv (30 timepoints).
2026-08-01 15:18:15 - INFO - Selected 30 of 30 timepoints at delta_t=1.0 (native spacing 1.0).
2026-08-01 15:18:15 - INFO - [26/85] nonEpitopeAcceptance_0.25_epitopeAcceptance_0.75__run_7 -> ok [counts,nid,variance,host_variance,gr_scores,scores]
2026-08-01 15:18:16 - INFO - [27/85] nonEpitopeAcceptance_0.25_epitopeAcceptance_0.75__run_9 -> ok [counts,nid,variance,host_variance,gr_scores,scores]
2026-08-01 15:18:16 - INFO - [28/85] nonEpitopeAcceptance_0.25_epitopeAcceptance_1.0__run_1 -> ok [counts,nid,variance,host_variance,gr_scores,scores]
2026-08-01 15:18:18 - INFO - Read 2346039 raw history rows from /fh/fast/matsen_e/zthornto/antigen-experiments/experiments/2026-07-04-reviewer-runs/simulations/nonEpitopeAcceptance_0.25_epitopeAcceptance_1.0/run_18/out.histories.raw.csv (30 timepoints).
2026-08-01 15:18:18 - INFO - Selected 30 of 30 timepoints at delta_t=1.0 (native spacing 1.0).
2026-08-01 15:18:19 - INFO - Read 2041488 raw history rows from /fh/fast/matsen_e/zthornto/antigen-experiments/experiments/2026-07-04-reviewer-runs/simulations/nonEpitopeAcceptance_0.25_epitopeAcceptance_1.0/run_22/out.histories.raw.csv (30 timepoints).
2026-08-01 15:18:19 - INFO - Selected 30 of 30 timepoints at delta_t=1.0 (native spacing 1.0).
2026-08-01 15:18:20 - INFO - Read 2564121 raw history rows from /fh/fast/matsen_e/zthornto/antigen-experiments/experiments/2026-07-04-reviewer-runs/simulations/nonEpitopeAcceptance_0.25_epitopeAcceptance_1.0/run_23/out.histories.raw.csv (30 timepoints).
2026-08-01 15:18:20 - INFO - Selected 30 of 30 timepoints at delta_t=1.0 (native spacing 1.0).
2026-08-01 15:18:24 - INFO - [29/85] nonEpitopeAcceptance_0.25_epitopeAcceptance_1.0__run_12 -> ok [counts,nid,variance,host_variance,gr_scores,scores]
2026-08-01 15:18:24 - INFO - [30/85] nonEpitopeAcceptance_0.25_epitopeAcceptance_1.0__run_10 -> ok [counts,nid,variance,host_variance,gr_scores,scores]
2026-08-01 15:18:25 - INFO - [31/85] nonEpitopeAcceptance_0.25_epitopeAcceptance_1.0__run_13 -> ok [counts,nid,variance,host_variance,gr_scores,scores]
2026-08-01 15:18:27 - INFO - [32/85] nonEpitopeAcceptance_0.25_epitopeAcceptance_1.0__run_15 -> ok [counts,nid,variance,host_variance,gr_scores,scores]
2026-08-01 15:18:27 - INFO - Read 2464050 raw history rows from /fh/fast/matsen_e/zthornto/antigen-experiments/experiments/2026-07-04-reviewer-runs/simulations/nonEpitopeAcceptance_0.25_epitopeAcceptance_1.0/run_24/out.histories.raw.csv (30 timepoints).
2026-08-01 15:18:27 - INFO - Selected 30 of 30 timepoints at delta_t=1.0 (native spacing 1.0).
2026-08-01 15:18:27 - INFO - Read 2548418 raw history rows from /fh/fast/matsen_e/zthornto/antigen-experiments/experiments/2026-07-04-reviewer-runs/simulations/nonEpitopeAcceptance_0.25_epitopeAcceptance_1.0/run_25/out.histories.raw.csv (30 timepoints).
2026-08-01 15:18:27 - INFO - Selected 30 of 30 timepoints at delta_t=1.0 (native spacing 1.0).
2026-08-01 15:18:27 - INFO - Read 2298878 raw history rows from /fh/fast/matsen_e/zthornto/antigen-experiments/experiments/2026-07-04-reviewer-runs/simulations/nonEpitopeAcceptance_0.25_epitopeAcceptance_1.0/run_26/out.histories.raw.csv (30 timepoints).
2026-08-01 15:18:27 - INFO - Selected 30 of 30 timepoints at delta_t=1.0 (native spacing 1.0).
2026-08-01 15:18:29 - INFO - [33/85] nonEpitopeAcceptance_0.25_epitopeAcceptance_1.0__run_16 -> ok [counts,nid,variance,host_variance,gr_scores,scores]
2026-08-01 15:18:30 - INFO - Read 2804090 raw history rows from /fh/fast/matsen_e/zthornto/antigen-experiments/experiments/2026-07-04-reviewer-runs/simulations/nonEpitopeAcceptance_0.25_epitopeAcceptance_1.0/run_3/out.histories.raw.csv (30 timepoints).
2026-08-01 15:18:30 - INFO - Selected 30 of 30 timepoints at delta_t=1.0 (native spacing 1.0).
2026-08-01 15:18:32 - INFO - [34/85] nonEpitopeAcceptance_0.25_epitopeAcceptance_1.0__run_22 -> ok [counts,nid,variance,host_variance,gr_scores,scores]
2026-08-01 15:18:32 - INFO - Read 2431630 raw history rows from /fh/fast/matsen_e/zthornto/antigen-experiments/experiments/2026-07-04-reviewer-runs/simulations/nonEpitopeAcceptance_0.25_epitopeAcceptance_1.0/run_4/out.histories.raw.csv (30 timepoints).
2026-08-01 15:18:32 - INFO - Selected 30 of 30 timepoints at delta_t=1.0 (native spacing 1.0).
2026-08-01 15:18:32 - INFO - [35/85] nonEpitopeAcceptance_0.25_epitopeAcceptance_1.0__run_18 -> ok [counts,nid,variance,host_variance,gr_scores,scores]
2026-08-01 15:18:33 - INFO - [36/85] nonEpitopeAcceptance_0.25_epitopeAcceptance_1.0__run_23 -> ok [counts,nid,variance,host_variance,gr_scores,scores]
2026-08-01 15:18:34 - WARNING - Skipping variant counts for missing/empty column: variant_phylo
2026-08-01 15:18:34 - WARNING - Skipping NID for variant_ag vs variant_phylo: no rows with both labels present
2026-08-01 15:18:34 - WARNING - Skipping NID for variant_tsne vs variant_phylo: no rows with both labels present
2026-08-01 15:18:35 - INFO - Read 2031452 raw history rows from /fh/fast/matsen_e/zthornto/antigen-experiments/experiments/2026-07-04-reviewer-runs/simulations/nonEpitopeAcceptance_0.2_epitopeAcceptance_0.75/run_0/out.histories.raw.csv (30 timepoints).
2026-08-01 15:18:35 - INFO - Selected 30 of 30 timepoints at delta_t=1.0 (native spacing 1.0).
2026-08-01 15:18:35 - INFO - Read 2671039 raw history rows from /fh/fast/matsen_e/zthornto/antigen-experiments/experiments/2026-07-04-reviewer-runs/simulations/nonEpitopeAcceptance_0.25_epitopeAcceptance_1.0/run_7/out.histories.raw.csv (30 timepoints).
2026-08-01 15:18:35 - INFO - Selected 30 of 30 timepoints at delta_t=1.0 (native spacing 1.0).
2026-08-01 15:18:36 - INFO - Read 1991110 raw history rows from /fh/fast/matsen_e/zthornto/antigen-experiments/experiments/2026-07-04-reviewer-runs/simulations/nonEpitopeAcceptance_0.2_epitopeAcceptance_0.75/run_1/out.histories.raw.csv (30 timepoints).
2026-08-01 15:18:36 - INFO - Selected 30 of 30 timepoints at delta_t=1.0 (native spacing 1.0).
2026-08-01 15:18:41 - INFO - [37/85] nonEpitopeAcceptance_0.25_epitopeAcceptance_1.0__run_26 -> ok [counts,nid,variance,host_variance,gr_scores,scores]
2026-08-01 15:18:41 - INFO - [38/85] nonEpitopeAcceptance_0.25_epitopeAcceptance_1.0__run_24 -> ok [counts,nid,variance,host_variance,gr_scores,scores]
2026-08-01 15:18:42 - INFO - [39/85] nonEpitopeAcceptance_0.25_epitopeAcceptance_1.0__run_25 -> ok [counts,nid,variance,host_variance,gr_scores,scores]
2026-08-01 15:18:43 - INFO - [40/85] nonEpitopeAcceptance_0.25_epitopeAcceptance_1.0__run_3 -> ok [counts,nid,variance,host_variance,gr_scores,scores]
2026-08-01 15:18:44 - INFO - Read 2341640 raw history rows from /fh/fast/matsen_e/zthornto/antigen-experiments/experiments/2026-07-04-reviewer-runs/simulations/nonEpitopeAcceptance_0.2_epitopeAcceptance_0.75/run_10/out.histories.raw.csv (30 timepoints).
2026-08-01 15:18:44 - INFO - Selected 30 of 30 timepoints at delta_t=1.0 (native spacing 1.0).
2026-08-01 15:18:44 - INFO - Read 2276184 raw history rows from /fh/fast/matsen_e/zthornto/antigen-experiments/experiments/2026-07-04-reviewer-runs/simulations/nonEpitopeAcceptance_0.2_epitopeAcceptance_0.75/run_11/out.histories.raw.csv (30 timepoints).
2026-08-01 15:18:44 - INFO - Selected 30 of 30 timepoints at delta_t=1.0 (native spacing 1.0).
2026-08-01 15:18:45 - INFO - Read 1924844 raw history rows from /fh/fast/matsen_e/zthornto/antigen-experiments/experiments/2026-07-04-reviewer-runs/simulations/nonEpitopeAcceptance_0.2_epitopeAcceptance_0.75/run_12/out.histories.raw.csv (30 timepoints).
2026-08-01 15:18:45 - INFO - Selected 30 of 30 timepoints at delta_t=1.0 (native spacing 1.0).
2026-08-01 15:18:46 - INFO - [41/85] nonEpitopeAcceptance_0.25_epitopeAcceptance_1.0__run_4 -> ok [counts,nid,variance,host_variance,gr_scores,scores]
2026-08-01 15:18:46 - INFO - Read 1807025 raw history rows from /fh/fast/matsen_e/zthornto/antigen-experiments/experiments/2026-07-04-reviewer-runs/simulations/nonEpitopeAcceptance_0.2_epitopeAcceptance_0.75/run_13/out.histories.raw.csv (30 timepoints).
2026-08-01 15:18:46 - INFO - Selected 30 of 30 timepoints at delta_t=1.0 (native spacing 1.0).
2026-08-01 15:18:47 - INFO - [42/85] nonEpitopeAcceptance_0.2_epitopeAcceptance_0.75__run_1 -> ok [counts,nid,variance,host_variance,gr_scores,scores]
2026-08-01 15:18:47 - INFO - [43/85] nonEpitopeAcceptance_0.2_epitopeAcceptance_0.75__run_0 -> ok [counts,nid,variance,host_variance,gr_scores,scores]
2026-08-01 15:18:49 - INFO - Read 2159498 raw history rows from /fh/fast/matsen_e/zthornto/antigen-experiments/experiments/2026-07-04-reviewer-runs/simulations/nonEpitopeAcceptance_0.2_epitopeAcceptance_0.75/run_14/out.histories.raw.csv (30 timepoints).
2026-08-01 15:18:49 - INFO - Selected 30 of 30 timepoints at delta_t=1.0 (native spacing 1.0).
2026-08-01 15:18:49 - INFO - [44/85] nonEpitopeAcceptance_0.25_epitopeAcceptance_1.0__run_7 -> ok [counts,nid,variance,host_variance,gr_scores,scores]
2026-08-01 15:18:50 - INFO - Read 1940797 raw history rows from /fh/fast/matsen_e/zthornto/antigen-experiments/experiments/2026-07-04-reviewer-runs/simulations/nonEpitopeAcceptance_0.2_epitopeAcceptance_0.75/run_15/out.histories.raw.csv (30 timepoints).
2026-08-01 15:18:50 - INFO - Selected 30 of 30 timepoints at delta_t=1.0 (native spacing 1.0).
2026-08-01 15:18:50 - INFO - [45/85] nonEpitopeAcceptance_0.2_epitopeAcceptance_0.75__run_14 -> ok [counts,nid,variance,gr_scores,scores] (host_immunity_variance skipped: no raw histories)
2026-08-01 15:18:50 - INFO - Read 2425174 raw history rows from /fh/fast/matsen_e/zthornto/antigen-experiments/experiments/2026-07-04-reviewer-runs/simulations/nonEpitopeAcceptance_0.2_epitopeAcceptance_0.75/run_16/out.histories.raw.csv (30 timepoints).
2026-08-01 15:18:50 - INFO - Selected 30 of 30 timepoints at delta_t=1.0 (native spacing 1.0).
2026-08-01 15:18:51 - WARNING - Skipping variant counts for missing/empty column: variant_phylo
2026-08-01 15:18:51 - WARNING - Skipping NID for variant_ag vs variant_phylo: no rows with both labels present
2026-08-01 15:18:51 - WARNING - Skipping NID for variant_tsne vs variant_phylo: no rows with both labels present
2026-08-01 15:18:51 - INFO - [46/85] nonEpitopeAcceptance_0.2_epitopeAcceptance_0.75__run_16 -> ok [counts,nid,variance,gr_scores,scores] (host_immunity_variance skipped: no raw histories)
2026-08-01 15:18:52 - INFO - Read 2255583 raw history rows from /fh/fast/matsen_e/zthornto/antigen-experiments/experiments/2026-07-04-reviewer-runs/simulations/nonEpitopeAcceptance_0.2_epitopeAcceptance_0.75/run_17/out.histories.raw.csv (30 timepoints).
2026-08-01 15:18:52 - INFO - Selected 30 of 30 timepoints at delta_t=1.0 (native spacing 1.0).
2026-08-01 15:18:53 - INFO - Read 1980917 raw history rows from /fh/fast/matsen_e/zthornto/antigen-experiments/experiments/2026-07-04-reviewer-runs/simulations/nonEpitopeAcceptance_0.2_epitopeAcceptance_0.75/run_18/out.histories.raw.csv (30 timepoints).
2026-08-01 15:18:53 - INFO - Selected 30 of 30 timepoints at delta_t=1.0 (native spacing 1.0).
2026-08-01 15:18:53 - INFO - Read 1918213 raw history rows from /fh/fast/matsen_e/zthornto/antigen-experiments/experiments/2026-07-04-reviewer-runs/simulations/nonEpitopeAcceptance_0.2_epitopeAcceptance_0.75/run_19/out.histories.raw.csv (30 timepoints).
2026-08-01 15:18:53 - INFO - Selected 30 of 30 timepoints at delta_t=1.0 (native spacing 1.0).
2026-08-01 15:18:56 - INFO - [47/85] nonEpitopeAcceptance_0.2_epitopeAcceptance_0.75__run_11 -> ok [counts,nid,variance,host_variance,gr_scores,scores]
2026-08-01 15:18:56 - INFO - [48/85] nonEpitopeAcceptance_0.2_epitopeAcceptance_0.75__run_12 -> ok [counts,nid,variance,host_variance,gr_scores,scores]
2026-08-01 15:18:56 - INFO - [49/85] nonEpitopeAcceptance_0.2_epitopeAcceptance_0.75__run_13 -> ok [counts,nid,variance,host_variance,gr_scores,scores]
2026-08-01 15:18:57 - INFO - [50/85] nonEpitopeAcceptance_0.2_epitopeAcceptance_0.75__run_10 -> ok [counts,nid,variance,host_variance,gr_scores,scores]
2026-08-01 15:18:58 - INFO - Read 1922921 raw history rows from /fh/fast/matsen_e/zthornto/antigen-experiments/experiments/2026-07-04-reviewer-runs/simulations/nonEpitopeAcceptance_0.2_epitopeAcceptance_0.75/run_2/out.histories.raw.csv (30 timepoints).
2026-08-01 15:18:58 - INFO - Read 1662124 raw history rows from /fh/fast/matsen_e/zthornto/antigen-experiments/experiments/2026-07-04-reviewer-runs/simulations/nonEpitopeAcceptance_0.2_epitopeAcceptance_0.75/run_20/out.histories.raw.csv (30 timepoints).
2026-08-01 15:18:58 - INFO - Selected 30 of 30 timepoints at delta_t=1.0 (native spacing 1.0).
2026-08-01 15:18:58 - INFO - Selected 30 of 30 timepoints at delta_t=1.0 (native spacing 1.0).
2026-08-01 15:18:59 - INFO - Read 2007998 raw history rows from /fh/fast/matsen_e/zthornto/antigen-experiments/experiments/2026-07-04-reviewer-runs/simulations/nonEpitopeAcceptance_0.2_epitopeAcceptance_0.75/run_21/out.histories.raw.csv (30 timepoints).
2026-08-01 15:18:59 - INFO - Selected 30 of 30 timepoints at delta_t=1.0 (native spacing 1.0).
2026-08-01 15:19:01 - INFO - Read 2029994 raw history rows from /fh/fast/matsen_e/zthornto/antigen-experiments/experiments/2026-07-04-reviewer-runs/simulations/nonEpitopeAcceptance_0.2_epitopeAcceptance_0.75/run_22/out.histories.raw.csv (30 timepoints).
2026-08-01 15:19:01 - INFO - Selected 30 of 30 timepoints at delta_t=1.0 (native spacing 1.0).
2026-08-01 15:19:01 - INFO - [51/85] nonEpitopeAcceptance_0.2_epitopeAcceptance_0.75__run_15 -> ok [counts,nid,variance,host_variance,gr_scores,scores]
2026-08-01 15:19:04 - INFO - Read 2090297 raw history rows from /fh/fast/matsen_e/zthornto/antigen-experiments/experiments/2026-07-04-reviewer-runs/simulations/nonEpitopeAcceptance_0.2_epitopeAcceptance_0.75/run_23/out.histories.raw.csv (30 timepoints).
2026-08-01 15:19:04 - INFO - Selected 30 of 30 timepoints at delta_t=1.0 (native spacing 1.0).
2026-08-01 15:19:04 - INFO - [52/85] nonEpitopeAcceptance_0.2_epitopeAcceptance_0.75__run_18 -> ok [counts,nid,variance,host_variance,gr_scores,scores]
2026-08-01 15:19:04 - INFO - [53/85] nonEpitopeAcceptance_0.2_epitopeAcceptance_0.75__run_17 -> ok [counts,nid,variance,host_variance,gr_scores,scores]
2026-08-01 15:19:04 - INFO - [54/85] nonEpitopeAcceptance_0.2_epitopeAcceptance_0.75__run_19 -> ok [counts,nid,variance,host_variance,gr_scores,scores]
2026-08-01 15:19:05 - INFO - [55/85] nonEpitopeAcceptance_0.2_epitopeAcceptance_0.75__run_23 -> ok [counts,nid,variance,gr_scores,scores] (host_immunity_variance skipped: no raw histories)
2026-08-01 15:19:07 - INFO - Read 1919265 raw history rows from /fh/fast/matsen_e/zthornto/antigen-experiments/experiments/2026-07-04-reviewer-runs/simulations/nonEpitopeAcceptance_0.2_epitopeAcceptance_0.75/run_29/out.histories.raw.csv (30 timepoints).
2026-08-01 15:19:07 - INFO - Selected 30 of 30 timepoints at delta_t=1.0 (native spacing 1.0).
2026-08-01 15:19:07 - INFO - Read 2257528 raw history rows from /fh/fast/matsen_e/zthornto/antigen-experiments/experiments/2026-07-04-reviewer-runs/simulations/nonEpitopeAcceptance_0.2_epitopeAcceptance_0.75/run_4/out.histories.raw.csv (30 timepoints).
2026-08-01 15:19:07 - INFO - Read 2412684 raw history rows from /fh/fast/matsen_e/zthornto/antigen-experiments/experiments/2026-07-04-reviewer-runs/simulations/nonEpitopeAcceptance_0.2_epitopeAcceptance_0.75/run_28/out.histories.raw.csv (30 timepoints).
2026-08-01 15:19:07 - INFO - Selected 30 of 30 timepoints at delta_t=1.0 (native spacing 1.0).
2026-08-01 15:19:07 - INFO - Selected 30 of 30 timepoints at delta_t=1.0 (native spacing 1.0).
2026-08-01 15:19:07 - INFO - Read 1706478 raw history rows from /fh/fast/matsen_e/zthornto/antigen-experiments/experiments/2026-07-04-reviewer-runs/simulations/nonEpitopeAcceptance_0.2_epitopeAcceptance_0.75/run_5/out.histories.raw.csv (30 timepoints).
2026-08-01 15:19:07 - INFO - Selected 30 of 30 timepoints at delta_t=1.0 (native spacing 1.0).
2026-08-01 15:19:09 - INFO - [56/85] nonEpitopeAcceptance_0.2_epitopeAcceptance_0.75__run_20 -> ok [counts,nid,variance,host_variance,gr_scores,scores]
2026-08-01 15:19:09 - INFO - [57/85] nonEpitopeAcceptance_0.2_epitopeAcceptance_0.75__run_2 -> ok [counts,nid,variance,host_variance,gr_scores,scores]
2026-08-01 15:19:10 - INFO - [58/85] nonEpitopeAcceptance_0.2_epitopeAcceptance_0.75__run_21 -> ok [counts,nid,variance,host_variance,gr_scores,scores]
2026-08-01 15:19:11 - INFO - Read 2067467 raw history rows from /fh/fast/matsen_e/zthornto/antigen-experiments/experiments/2026-07-04-reviewer-runs/simulations/nonEpitopeAcceptance_0.2_epitopeAcceptance_0.75/run_6/out.histories.raw.csv (30 timepoints).
2026-08-01 15:19:11 - INFO - Selected 30 of 30 timepoints at delta_t=1.0 (native spacing 1.0).
2026-08-01 15:19:12 - INFO - Read 2282600 raw history rows from /fh/fast/matsen_e/zthornto/antigen-experiments/experiments/2026-07-04-reviewer-runs/simulations/nonEpitopeAcceptance_0.2_epitopeAcceptance_0.75/run_7/out.histories.raw.csv (30 timepoints).
2026-08-01 15:19:12 - INFO - Selected 30 of 30 timepoints at delta_t=1.0 (native spacing 1.0).
2026-08-01 15:19:12 - INFO - [59/85] nonEpitopeAcceptance_0.2_epitopeAcceptance_0.75__run_22 -> ok [counts,nid,variance,host_variance,gr_scores,scores]
2026-08-01 15:19:13 - INFO - Read 1760578 raw history rows from /fh/fast/matsen_e/zthornto/antigen-experiments/experiments/2026-07-04-reviewer-runs/simulations/nonEpitopeAcceptance_0.2_epitopeAcceptance_0.75/run_8/out.histories.raw.csv (30 timepoints).
2026-08-01 15:19:13 - INFO - Selected 30 of 30 timepoints at delta_t=1.0 (native spacing 1.0).
2026-08-01 15:19:15 - INFO - Read 1925521 raw history rows from /fh/fast/matsen_e/zthornto/antigen-experiments/experiments/2026-07-04-reviewer-runs/simulations/nonEpitopeAcceptance_0.2_epitopeAcceptance_0.75/run_9/out.histories.raw.csv (30 timepoints).
2026-08-01 15:19:15 - INFO - Selected 30 of 30 timepoints at delta_t=1.0 (native spacing 1.0).
2026-08-01 15:19:18 - INFO - [60/85] nonEpitopeAcceptance_0.2_epitopeAcceptance_0.75__run_29 -> ok [counts,nid,variance,host_variance,gr_scores,scores]
2026-08-01 15:19:18 - INFO - [61/85] nonEpitopeAcceptance_0.2_epitopeAcceptance_0.75__run_5 -> ok [counts,nid,variance,host_variance,gr_scores,scores]
2026-08-01 15:19:19 - INFO - [62/85] nonEpitopeAcceptance_0.2_epitopeAcceptance_0.75__run_4 -> ok [counts,nid,variance,host_variance,gr_scores,scores]
2026-08-01 15:19:19 - INFO - [63/85] nonEpitopeAcceptance_0.2_epitopeAcceptance_0.75__run_28 -> ok [counts,nid,variance,host_variance,gr_scores,scores]
2026-08-01 15:19:21 - INFO - Read 2361447 raw history rows from /fh/fast/matsen_e/zthornto/antigen-experiments/experiments/2026-07-04-reviewer-runs/simulations/nonEpitopeAcceptance_0.2_epitopeAcceptance_1.0/run_1/out.histories.raw.csv (30 timepoints).
2026-08-01 15:19:21 - INFO - Selected 30 of 30 timepoints at delta_t=1.0 (native spacing 1.0).
2026-08-01 15:19:21 - INFO - Read 1812168 raw history rows from /fh/fast/matsen_e/zthornto/antigen-experiments/experiments/2026-07-04-reviewer-runs/simulations/nonEpitopeAcceptance_0.2_epitopeAcceptance_1.0/run_10/out.histories.raw.csv (30 timepoints).
2026-08-01 15:19:21 - INFO - Selected 30 of 30 timepoints at delta_t=1.0 (native spacing 1.0).
2026-08-01 15:19:22 - INFO - Read 1947677 raw history rows from /fh/fast/matsen_e/zthornto/antigen-experiments/experiments/2026-07-04-reviewer-runs/simulations/nonEpitopeAcceptance_0.2_epitopeAcceptance_1.0/run_12/out.histories.raw.csv (30 timepoints).
2026-08-01 15:19:22 - INFO - Selected 30 of 30 timepoints at delta_t=1.0 (native spacing 1.0).
2026-08-01 15:19:22 - INFO - Read 2363813 raw history rows from /fh/fast/matsen_e/zthornto/antigen-experiments/experiments/2026-07-04-reviewer-runs/simulations/nonEpitopeAcceptance_0.2_epitopeAcceptance_1.0/run_11/out.histories.raw.csv (30 timepoints).
2026-08-01 15:19:22 - INFO - Selected 30 of 30 timepoints at delta_t=1.0 (native spacing 1.0).
2026-08-01 15:19:23 - INFO - [64/85] nonEpitopeAcceptance_0.2_epitopeAcceptance_0.75__run_6 -> ok [counts,nid,variance,host_variance,gr_scores,scores]
2026-08-01 15:19:24 - INFO - [65/85] nonEpitopeAcceptance_0.2_epitopeAcceptance_0.75__run_8 -> ok [counts,nid,variance,host_variance,gr_scores,scores]
2026-08-01 15:19:24 - INFO - [66/85] nonEpitopeAcceptance_0.2_epitopeAcceptance_0.75__run_7 -> ok [counts,nid,variance,host_variance,gr_scores,scores]
2026-08-01 15:19:26 - INFO - [67/85] nonEpitopeAcceptance_0.2_epitopeAcceptance_0.75__run_9 -> ok [counts,nid,variance,host_variance,gr_scores,scores]
2026-08-01 15:19:26 - INFO - Read 2911833 raw history rows from /fh/fast/matsen_e/zthornto/antigen-experiments/experiments/2026-07-04-reviewer-runs/simulations/nonEpitopeAcceptance_0.2_epitopeAcceptance_1.0/run_14/out.histories.raw.csv (30 timepoints).
2026-08-01 15:19:26 - INFO - Selected 30 of 30 timepoints at delta_t=1.0 (native spacing 1.0).
2026-08-01 15:19:27 - INFO - Read 2556370 raw history rows from /fh/fast/matsen_e/zthornto/antigen-experiments/experiments/2026-07-04-reviewer-runs/simulations/nonEpitopeAcceptance_0.2_epitopeAcceptance_1.0/run_15/out.histories.raw.csv (30 timepoints).
2026-08-01 15:19:27 - INFO - Selected 30 of 30 timepoints at delta_t=1.0 (native spacing 1.0).
2026-08-01 15:19:27 - INFO - Read 2846263 raw history rows from /fh/fast/matsen_e/zthornto/antigen-experiments/experiments/2026-07-04-reviewer-runs/simulations/nonEpitopeAcceptance_0.2_epitopeAcceptance_1.0/run_17/out.histories.raw.csv (30 timepoints).
2026-08-01 15:19:27 - INFO - Selected 30 of 30 timepoints at delta_t=1.0 (native spacing 1.0).
2026-08-01 15:19:28 - INFO - [68/85] nonEpitopeAcceptance_0.2_epitopeAcceptance_1.0__run_17 -> ok [counts,nid,variance,gr_scores,scores] (host_immunity_variance skipped: no raw histories)
2026-08-01 15:19:28 - INFO - Read 2161075 raw history rows from /fh/fast/matsen_e/zthornto/antigen-experiments/experiments/2026-07-04-reviewer-runs/simulations/nonEpitopeAcceptance_0.2_epitopeAcceptance_1.0/run_18/out.histories.raw.csv (30 timepoints).
2026-08-01 15:19:28 - INFO - Selected 30 of 30 timepoints at delta_t=1.0 (native spacing 1.0).
2026-08-01 15:19:31 - INFO - Read 2668887 raw history rows from /fh/fast/matsen_e/zthornto/antigen-experiments/experiments/2026-07-04-reviewer-runs/simulations/nonEpitopeAcceptance_0.2_epitopeAcceptance_1.0/run_20/out.histories.raw.csv (30 timepoints).
2026-08-01 15:19:31 - INFO - Selected 30 of 30 timepoints at delta_t=1.0 (native spacing 1.0).
2026-08-01 15:19:32 - INFO - [69/85] nonEpitopeAcceptance_0.2_epitopeAcceptance_1.0__run_10 -> ok [counts,nid,variance,host_variance,gr_scores,scores]
2026-08-01 15:19:33 - INFO - [70/85] nonEpitopeAcceptance_0.2_epitopeAcceptance_1.0__run_12 -> ok [counts,nid,variance,host_variance,gr_scores,scores]
2026-08-01 15:19:33 - INFO - [71/85] nonEpitopeAcceptance_0.2_epitopeAcceptance_1.0__run_1 -> ok [counts,nid,variance,host_variance,gr_scores,scores]
2026-08-01 15:19:34 - INFO - Read 2423041 raw history rows from /fh/fast/matsen_e/zthornto/antigen-experiments/experiments/2026-07-04-reviewer-runs/simulations/nonEpitopeAcceptance_0.2_epitopeAcceptance_1.0/run_22/out.histories.raw.csv (30 timepoints).
2026-08-01 15:19:34 - INFO - Selected 30 of 30 timepoints at delta_t=1.0 (native spacing 1.0).
2026-08-01 15:19:35 - INFO - [72/85] nonEpitopeAcceptance_0.2_epitopeAcceptance_1.0__run_11 -> ok [counts,nid,variance,host_variance,gr_scores,scores]
2026-08-01 15:19:35 - INFO - Read 2184964 raw history rows from /fh/fast/matsen_e/zthornto/antigen-experiments/experiments/2026-07-04-reviewer-runs/simulations/nonEpitopeAcceptance_0.2_epitopeAcceptance_1.0/run_23/out.histories.raw.csv (30 timepoints).
2026-08-01 15:19:35 - INFO - Selected 30 of 30 timepoints at delta_t=1.0 (native spacing 1.0).
2026-08-01 15:19:36 - INFO - Read 2105391 raw history rows from /fh/fast/matsen_e/zthornto/antigen-experiments/experiments/2026-07-04-reviewer-runs/simulations/nonEpitopeAcceptance_0.2_epitopeAcceptance_1.0/run_24/out.histories.raw.csv (30 timepoints).
2026-08-01 15:19:36 - INFO - Selected 30 of 30 timepoints at delta_t=1.0 (native spacing 1.0).
2026-08-01 15:19:38 - INFO - Read 2656005 raw history rows from /fh/fast/matsen_e/zthornto/antigen-experiments/experiments/2026-07-04-reviewer-runs/simulations/nonEpitopeAcceptance_0.2_epitopeAcceptance_1.0/run_25/out.histories.raw.csv (30 timepoints).
2026-08-01 15:19:38 - INFO - Selected 30 of 30 timepoints at delta_t=1.0 (native spacing 1.0).
2026-08-01 15:19:39 - INFO - [73/85] nonEpitopeAcceptance_0.2_epitopeAcceptance_1.0__run_15 -> ok [counts,nid,variance,host_variance,gr_scores,scores]
2026-08-01 15:19:41 - INFO - [74/85] nonEpitopeAcceptance_0.2_epitopeAcceptance_1.0__run_18 -> ok [counts,nid,variance,host_variance,gr_scores,scores]
2026-08-01 15:19:41 - INFO - Read 2149252 raw history rows from /fh/fast/matsen_e/zthornto/antigen-experiments/experiments/2026-07-04-reviewer-runs/simulations/nonEpitopeAcceptance_0.2_epitopeAcceptance_1.0/run_26/out.histories.raw.csv (30 timepoints).
2026-08-01 15:19:41 - INFO - Selected 30 of 30 timepoints at delta_t=1.0 (native spacing 1.0).
2026-08-01 15:19:42 - INFO - [75/85] nonEpitopeAcceptance_0.2_epitopeAcceptance_1.0__run_14 -> ok [counts,nid,variance,host_variance,gr_scores,scores]
2026-08-01 15:19:43 - INFO - Read 2442189 raw history rows from /fh/fast/matsen_e/zthornto/antigen-experiments/experiments/2026-07-04-reviewer-runs/simulations/nonEpitopeAcceptance_0.2_epitopeAcceptance_1.0/run_29/out.histories.raw.csv (30 timepoints).
2026-08-01 15:19:43 - INFO - Selected 30 of 30 timepoints at delta_t=1.0 (native spacing 1.0).
2026-08-01 15:19:44 - INFO - [76/85] nonEpitopeAcceptance_0.2_epitopeAcceptance_1.0__run_20 -> ok [counts,nid,variance,host_variance,gr_scores,scores]
2026-08-01 15:19:44 - WARNING - Skipping variant counts for missing/empty column: variant_phylo
2026-08-01 15:19:44 - WARNING - Skipping NID for variant_ag vs variant_phylo: no rows with both labels present
2026-08-01 15:19:44 - WARNING - Skipping NID for variant_tsne vs variant_phylo: no rows with both labels present
2026-08-01 15:19:45 - INFO - Read 2423780 raw history rows from /fh/fast/matsen_e/zthornto/antigen-experiments/experiments/2026-07-04-reviewer-runs/simulations/nonEpitopeAcceptance_0.2_epitopeAcceptance_1.0/run_3/out.histories.raw.csv (30 timepoints).
2026-08-01 15:19:45 - INFO - Selected 30 of 30 timepoints at delta_t=1.0 (native spacing 1.0).
2026-08-01 15:19:47 - INFO - [77/85] nonEpitopeAcceptance_0.2_epitopeAcceptance_1.0__run_23 -> ok [counts,nid,variance,host_variance,gr_scores,scores]
2026-08-01 15:19:47 - INFO - Read 2371374 raw history rows from /fh/fast/matsen_e/zthornto/antigen-experiments/experiments/2026-07-04-reviewer-runs/simulations/nonEpitopeAcceptance_0.2_epitopeAcceptance_1.0/run_5/out.histories.raw.csv (30 timepoints).
2026-08-01 15:19:47 - INFO - Selected 30 of 30 timepoints at delta_t=1.0 (native spacing 1.0).
2026-08-01 15:19:47 - INFO - [78/85] nonEpitopeAcceptance_0.2_epitopeAcceptance_1.0__run_22 -> ok [counts,nid,variance,host_variance,gr_scores,scores]
2026-08-01 15:19:49 - INFO - [79/85] nonEpitopeAcceptance_0.2_epitopeAcceptance_1.0__run_24 -> ok [counts,nid,variance,host_variance,gr_scores,scores]
2026-08-01 15:19:50 - INFO - Read 2411654 raw history rows from /fh/fast/matsen_e/zthornto/antigen-experiments/experiments/2026-07-04-reviewer-runs/simulations/nonEpitopeAcceptance_0.2_epitopeAcceptance_1.0/run_6/out.histories.raw.csv (30 timepoints).
2026-08-01 15:19:50 - INFO - Selected 30 of 30 timepoints at delta_t=1.0 (native spacing 1.0).
2026-08-01 15:19:51 - INFO - [80/85] nonEpitopeAcceptance_0.2_epitopeAcceptance_1.0__run_25 -> ok [counts,nid,variance,host_variance,gr_scores,scores]
2026-08-01 15:19:53 - INFO - [81/85] nonEpitopeAcceptance_0.2_epitopeAcceptance_1.0__run_26 -> ok [counts,nid,variance,host_variance,gr_scores,scores]
2026-08-01 15:19:56 - INFO - [82/85] nonEpitopeAcceptance_0.2_epitopeAcceptance_1.0__run_29 -> ok [counts,nid,variance,host_variance,gr_scores,scores]
2026-08-01 15:19:57 - INFO - [83/85] nonEpitopeAcceptance_0.2_epitopeAcceptance_1.0__run_3 -> ok [counts,nid,variance,host_variance,gr_scores,scores]
2026-08-01 15:19:59 - INFO - [84/85] nonEpitopeAcceptance_0.2_epitopeAcceptance_1.0__run_5 -> ok [counts,nid,variance,host_variance,gr_scores,scores]
2026-08-01 15:20:01 - INFO - [85/85] nonEpitopeAcceptance_0.2_epitopeAcceptance_1.0__run_6 -> ok [counts,nid,variance,host_variance,gr_scores,scores]
2026-08-01 15:20:02 - INFO - Writing aggregated tables to results/aggregated/2026-07-04-reviewer-runs
2026-08-01 15:20:02 - INFO -   variant_counts_over_time: wrote 7555 rows -> results/aggregated/2026-07-04-reviewer-runs/variant_counts_over_time.csv
2026-08-01 15:20:02 - INFO -   method_agreement_nid: wrote 239 rows -> results/aggregated/2026-07-04-reviewer-runs/method_agreement_nid.csv
2026-08-01 15:20:02 - INFO -   fitness_variance_over_time: wrote 7650 rows -> results/aggregated/2026-07-04-reviewer-runs/fitness_variance_over_time.csv
2026-08-01 15:20:02 - INFO -   host_immunity_variance_over_time: wrote 6930 rows -> results/aggregated/2026-07-04-reviewer-runs/host_immunity_variance_over_time.csv
2026-08-01 15:20:02 - INFO -   growth_rate_scores_all: wrote 22381 rows -> results/aggregated/2026-07-04-reviewer-runs/growth_rate_scores_all.csv
2026-08-01 15:20:03 - INFO -   scores_summary: wrote 92782 rows -> results/aggregated/2026-07-04-reviewer-runs/scores_summary.csv
2026-08-01 15:20:03 - INFO - Done: 85 processed, 0 skipped, 159.3s elapsed.
