2026-08-04 15:49:47 - WARNING - nonEpitopeAcceptance_0.25_epitopeAcceptance_0.75__run_0: no auspice.json, skipping
2026-08-04 15:49:47 - WARNING - nonEpitopeAcceptance_0.25_epitopeAcceptance_0.75__run_1: no auspice.json, skipping
2026-08-04 15:49:47 - WARNING - nonEpitopeAcceptance_0.25_epitopeAcceptance_0.75__run_19: no auspice.json, skipping
2026-08-04 15:49:47 - WARNING - nonEpitopeAcceptance_0.25_epitopeAcceptance_0.75__run_20: no auspice.json, skipping
2026-08-04 15:49:47 - WARNING - nonEpitopeAcceptance_0.25_epitopeAcceptance_0.75__run_28: no auspice.json, skipping
2026-08-04 15:49:47 - WARNING - nonEpitopeAcceptance_0.2_epitopeAcceptance_0.75__run_1: no auspice.json, skipping
2026-08-04 15:49:47 - WARNING - nonEpitopeAcceptance_0.2_epitopeAcceptance_0.75__run_18: no auspice.json, skipping
2026-08-04 15:49:48 - WARNING - nonEpitopeAcceptance_0.2_epitopeAcceptance_1.0__run_5: no auspice.json, skipping
2026-08-04 15:49:48 - INFO - found 77 runs with a tree in batch 2026-07-04-reviewer-runs
2026-08-04 15:49:58 - INFO - [1/77] nonEpitopeAcceptance_0.25_epitopeAcceptance_0.75__run_10 -> ok
2026-08-04 15:49:59 - INFO - [2/77] nonEpitopeAcceptance_0.25_epitopeAcceptance_0.75__run_17 -> ok
2026-08-04 15:49:59 - INFO - [3/77] nonEpitopeAcceptance_0.25_epitopeAcceptance_0.75__run_14 -> ok
2026-08-04 15:49:59 - INFO - [4/77] nonEpitopeAcceptance_0.25_epitopeAcceptance_0.75__run_11 -> ok
2026-08-04 15:49:59 - INFO - [5/77] nonEpitopeAcceptance_0.25_epitopeAcceptance_0.75__run_15 -> ok
2026-08-04 15:50:00 - INFO - [6/77] nonEpitopeAcceptance_0.25_epitopeAcceptance_0.75__run_16 -> ok
2026-08-04 15:50:00 - INFO - [7/77] nonEpitopeAcceptance_0.25_epitopeAcceptance_0.75__run_18 -> ok
2026-08-04 15:50:00 - INFO - [8/77] nonEpitopeAcceptance_0.25_epitopeAcceptance_0.75__run_12 -> ok
2026-08-04 15:50:09 - INFO - [9/77] nonEpitopeAcceptance_0.25_epitopeAcceptance_0.75__run_2 -> ok
2026-08-04 15:50:09 - INFO - [10/77] nonEpitopeAcceptance_0.25_epitopeAcceptance_0.75__run_25 -> ok
2026-08-04 15:50:10 - INFO - [11/77] nonEpitopeAcceptance_0.25_epitopeAcceptance_0.75__run_21 -> ok
2026-08-04 15:50:11 - INFO - [12/77] nonEpitopeAcceptance_0.25_epitopeAcceptance_0.75__run_23 -> ok
2026-08-04 15:50:11 - INFO - [13/77] nonEpitopeAcceptance_0.25_epitopeAcceptance_0.75__run_22 -> ok
2026-08-04 15:50:11 - INFO - [14/77] nonEpitopeAcceptance_0.25_epitopeAcceptance_0.75__run_24 -> ok
2026-08-04 15:50:11 - INFO - [15/77] nonEpitopeAcceptance_0.25_epitopeAcceptance_0.75__run_27 -> ok
2026-08-04 15:50:11 - INFO - [16/77] nonEpitopeAcceptance_0.25_epitopeAcceptance_0.75__run_26 -> ok
2026-08-04 15:50:20 - INFO - [17/77] nonEpitopeAcceptance_0.25_epitopeAcceptance_0.75__run_29 -> ok
2026-08-04 15:50:21 - INFO - [18/77] nonEpitopeAcceptance_0.25_epitopeAcceptance_0.75__run_3 -> ok
2026-08-04 15:50:22 - INFO - [19/77] nonEpitopeAcceptance_0.25_epitopeAcceptance_0.75__run_6 -> ok
2026-08-04 15:50:22 - INFO - [20/77] nonEpitopeAcceptance_0.25_epitopeAcceptance_0.75__run_4 -> ok
2026-08-04 15:50:22 - INFO - [21/77] nonEpitopeAcceptance_0.25_epitopeAcceptance_0.75__run_9 -> ok
2026-08-04 15:50:23 - INFO - [22/77] nonEpitopeAcceptance_0.25_epitopeAcceptance_1.0__run_1 -> ok
2026-08-04 15:50:23 - INFO - [23/77] nonEpitopeAcceptance_0.25_epitopeAcceptance_1.0__run_10 -> ok
2026-08-04 15:50:23 - INFO - [24/77] nonEpitopeAcceptance_0.25_epitopeAcceptance_0.75__run_7 -> ok
2026-08-04 15:50:32 - INFO - [25/77] nonEpitopeAcceptance_0.25_epitopeAcceptance_1.0__run_12 -> ok
2026-08-04 15:50:33 - INFO - [26/77] nonEpitopeAcceptance_0.25_epitopeAcceptance_1.0__run_13 -> ok
2026-08-04 15:50:33 - INFO - [27/77] nonEpitopeAcceptance_0.25_epitopeAcceptance_1.0__run_16 -> ok
2026-08-04 15:50:34 - INFO - [28/77] nonEpitopeAcceptance_0.25_epitopeAcceptance_1.0__run_15 -> ok
2026-08-04 15:50:34 - INFO - [29/77] nonEpitopeAcceptance_0.25_epitopeAcceptance_1.0__run_23 -> ok
2026-08-04 15:50:34 - INFO - [30/77] nonEpitopeAcceptance_0.25_epitopeAcceptance_1.0__run_22 -> ok
2026-08-04 15:50:35 - INFO - [31/77] nonEpitopeAcceptance_0.25_epitopeAcceptance_1.0__run_18 -> ok
2026-08-04 15:50:35 - INFO - [32/77] nonEpitopeAcceptance_0.25_epitopeAcceptance_1.0__run_24 -> ok
2026-08-04 15:50:44 - INFO - [33/77] nonEpitopeAcceptance_0.25_epitopeAcceptance_1.0__run_25 -> ok
2026-08-04 15:50:44 - INFO - [34/77] nonEpitopeAcceptance_0.25_epitopeAcceptance_1.0__run_26 -> ok
2026-08-04 15:50:45 - INFO - [35/77] nonEpitopeAcceptance_0.2_epitopeAcceptance_0.75__run_0 -> ok
2026-08-04 15:50:46 - INFO - [36/77] nonEpitopeAcceptance_0.25_epitopeAcceptance_1.0__run_3 -> ok
2026-08-04 15:50:46 - INFO - [37/77] nonEpitopeAcceptance_0.25_epitopeAcceptance_1.0__run_4 -> ok
2026-08-04 15:50:46 - INFO - [38/77] nonEpitopeAcceptance_0.25_epitopeAcceptance_1.0__run_7 -> ok
2026-08-04 15:50:46 - INFO - [39/77] nonEpitopeAcceptance_0.2_epitopeAcceptance_0.75__run_11 -> ok
2026-08-04 15:50:47 - INFO - [40/77] nonEpitopeAcceptance_0.2_epitopeAcceptance_0.75__run_10 -> ok
2026-08-04 15:50:54 - INFO - [41/77] nonEpitopeAcceptance_0.2_epitopeAcceptance_0.75__run_12 -> ok
2026-08-04 15:50:54 - INFO - [42/77] nonEpitopeAcceptance_0.2_epitopeAcceptance_0.75__run_13 -> ok
2026-08-04 15:50:56 - INFO - [43/77] nonEpitopeAcceptance_0.2_epitopeAcceptance_0.75__run_19 -> ok
2026-08-04 15:50:56 - INFO - [44/77] nonEpitopeAcceptance_0.2_epitopeAcceptance_0.75__run_14 -> ok
2026-08-04 15:50:56 - INFO - [45/77] nonEpitopeAcceptance_0.2_epitopeAcceptance_0.75__run_17 -> ok
2026-08-04 15:50:56 - INFO - [46/77] nonEpitopeAcceptance_0.2_epitopeAcceptance_0.75__run_15 -> ok
2026-08-04 15:50:57 - INFO - [47/77] nonEpitopeAcceptance_0.2_epitopeAcceptance_0.75__run_16 -> ok
2026-08-04 15:50:58 - INFO - [48/77] nonEpitopeAcceptance_0.2_epitopeAcceptance_0.75__run_2 -> ok
2026-08-04 15:51:04 - INFO - [49/77] nonEpitopeAcceptance_0.2_epitopeAcceptance_0.75__run_20 -> ok
2026-08-04 15:51:05 - INFO - [50/77] nonEpitopeAcceptance_0.2_epitopeAcceptance_0.75__run_21 -> ok
2026-08-04 15:51:06 - INFO - [51/77] nonEpitopeAcceptance_0.2_epitopeAcceptance_0.75__run_23 -> ok
2026-08-04 15:51:06 - INFO - [52/77] nonEpitopeAcceptance_0.2_epitopeAcceptance_0.75__run_28 -> ok
2026-08-04 15:51:06 - INFO - [53/77] nonEpitopeAcceptance_0.2_epitopeAcceptance_0.75__run_29 -> ok
2026-08-04 15:51:07 - INFO - [54/77] nonEpitopeAcceptance_0.2_epitopeAcceptance_0.75__run_22 -> ok
2026-08-04 15:51:07 - INFO - [55/77] nonEpitopeAcceptance_0.2_epitopeAcceptance_0.75__run_4 -> ok
2026-08-04 15:51:09 - INFO - [56/77] nonEpitopeAcceptance_0.2_epitopeAcceptance_0.75__run_5 -> ok
2026-08-04 15:51:15 - INFO - [57/77] nonEpitopeAcceptance_0.2_epitopeAcceptance_0.75__run_6 -> ok
2026-08-04 15:51:15 - INFO - [58/77] nonEpitopeAcceptance_0.2_epitopeAcceptance_0.75__run_7 -> ok
2026-08-04 15:51:17 - INFO - [59/77] nonEpitopeAcceptance_0.2_epitopeAcceptance_0.75__run_8 -> ok
2026-08-04 15:51:17 - INFO - [60/77] nonEpitopeAcceptance_0.2_epitopeAcceptance_1.0__run_1 -> ok
2026-08-04 15:51:17 - INFO - [61/77] nonEpitopeAcceptance_0.2_epitopeAcceptance_0.75__run_9 -> ok
2026-08-04 15:51:17 - INFO - [62/77] nonEpitopeAcceptance_0.2_epitopeAcceptance_1.0__run_10 -> ok
2026-08-04 15:51:18 - INFO - [63/77] nonEpitopeAcceptance_0.2_epitopeAcceptance_1.0__run_11 -> ok
2026-08-04 15:51:20 - INFO - [64/77] nonEpitopeAcceptance_0.2_epitopeAcceptance_1.0__run_12 -> ok
2026-08-04 15:51:26 - INFO - [65/77] nonEpitopeAcceptance_0.2_epitopeAcceptance_1.0__run_15 -> ok
2026-08-04 15:51:27 - INFO - [66/77] nonEpitopeAcceptance_0.2_epitopeAcceptance_1.0__run_14 -> ok
2026-08-04 15:51:27 - INFO - [67/77] nonEpitopeAcceptance_0.2_epitopeAcceptance_1.0__run_17 -> ok
2026-08-04 15:51:28 - INFO - [68/77] nonEpitopeAcceptance_0.2_epitopeAcceptance_1.0__run_18 -> ok
2026-08-04 15:51:29 - INFO - [69/77] nonEpitopeAcceptance_0.2_epitopeAcceptance_1.0__run_22 -> ok
2026-08-04 15:51:29 - INFO - [70/77] nonEpitopeAcceptance_0.2_epitopeAcceptance_1.0__run_23 -> ok
2026-08-04 15:51:29 - INFO - [71/77] nonEpitopeAcceptance_0.2_epitopeAcceptance_1.0__run_20 -> ok
2026-08-04 15:51:31 - INFO - [72/77] nonEpitopeAcceptance_0.2_epitopeAcceptance_1.0__run_24 -> ok
2026-08-04 15:51:38 - INFO - [73/77] nonEpitopeAcceptance_0.2_epitopeAcceptance_1.0__run_29 -> ok
2026-08-04 15:51:38 - INFO - [74/77] nonEpitopeAcceptance_0.2_epitopeAcceptance_1.0__run_26 -> ok
2026-08-04 15:51:38 - INFO - [75/77] nonEpitopeAcceptance_0.2_epitopeAcceptance_1.0__run_25 -> ok
2026-08-04 15:51:39 - INFO - [76/77] nonEpitopeAcceptance_0.2_epitopeAcceptance_1.0__run_3 -> ok
2026-08-04 15:51:39 - INFO - [77/77] nonEpitopeAcceptance_0.2_epitopeAcceptance_1.0__run_6 -> ok
2026-08-04 15:51:39 - INFO - wrote per-run summary (77 rows) -> results/aggregated/2026-07-04-reviewer-runs/mutation_homoplasy_by_run.csv
2026-08-04 15:51:39 - INFO - wrote similar-background counts (7392 rows) -> results/aggregated/2026-07-04-reviewer-runs/mutation_homoplasy_similar_background_by_k.csv
